{"timestamp":"2026-10-05T02:30:39.429123Z","level":"INFO","fields":{"message":"loaded memory index","index":"pages-base-fixture","docs":1530},"target":"usnm_api"}
{"timestamp":"2026-10-05T02:30:39.447995Z","level":"INFO","fields":{"message":"loaded memory index","index":"pages-delta-fixture-1","docs":307},"target":"usnm_api"}
{"timestamp":"2026-10-05T02:30:39.451519Z","level":"INFO","fields":{"message":"starting usnm-api","version":"fixture-v1","synthetic":true,"backend":"Memory","reference":"LocalStore { root: \"fixtures/data\" }"},"target":"usnm_api"}
{"timestamp":"2026-10-05T02:30:39.451535Z","level":"INFO","fields":{"message":"status page source","pipeline_state":"none"},"target":"usnm_api"}
{"timestamp":"2026-10-05T02:30:39.451847Z","level":"INFO","fields":{"message":"listening","bind":"127.0.0.1:8080"},"target":"usnm_api"}
{"timestamp":"2026-10-05T02:30:39.458038Z","level":"INFO","fields":{"message":"warm-up finished","trigger":"startup","version":"fixture-v1","queries":101,"ok":101,"timed_out":0,"failed":0,"skipped":0,"from_log":0,"ms":6},"target":"usnm_api::prewarm"}
{"timestamp":"2026-10-05T02:30:42.316093Z","level":"INFO","fields":{"message":"request","method":"GET","route":"(site)","status":200,"ms":0},"target":"usnm_api::telemetry"}
{"timestamp":"2026-10-05T02:30:42.316093Z","level":"INFO","fields":{"message":"request","method":"GET","route":"(site)","status":200,"ms":0},"target":"usnm_api::telemetry"}
{"timestamp":"2026-10-05T02:30:42.330609Z","level":"INFO","fields":{"message":"request","method":"GET","route":"(site)","status":200,"ms":0},"target":"usnm_api::telemetry"}
{"timestamp":"2026-10-05T02:30:42.330747Z","level":"INFO","fields":{"message":"request","method":"GET","route":"(site)","status":200,"ms":0},"target":"usnm_api::telemetry"}
{"timestamp":"2026-10-05T02:30:42.330738Z","level":"INFO","fields":{"message":"request","method":"GET","route":"(site)","status":200,"ms":0},"target":"usnm_api::telemetry"}
{"timestamp":"2026-10-05T02:30:42.331599Z","level":"INFO","fields":{"message":"request","method":"GET","route":"(site)","status":200,"ms":0},"target":"usnm_api::telemetry"}
{"timestamp":"2026-10-05T02:30:42.451383Z","level":"INFO","fields":{"message":"request","method":"GET","route":"/v1/meta","status":200,"ms":0},"target":"usnm_api::telemetry"}
{"timestamp":"2026-10-05T02:30:42.451801Z","level":"INFO","fields":{"message":"request","method":"GET","route":"/v1/meta","status":200,"ms":0},"target":"usnm_api::telemetry"}
{"timestamp":"2026-10-05T02:30:42.475734Z","level":"INFO","fields":{"message":"request","method":"GET","route":"/v1/places","status":200,"ms":0},"target":"usnm_api::telemetry"}
{"timestamp":"2026-10-05T02:30:42.475889Z","level":"INFO","fields":{"message":"request","method":"GET","route":"/v1/places","status":200,"ms":0},"target":"usnm_api::telemetry"}
{"timestamp":"2026-10-05T02:30:42.563164Z","level":"INFO","fields":{"message":"request","method":"GET","route":"(site)","status":200,"ms":0},"target":"usnm_api::telemetry"}
{"timestamp":"2026-10-05T02:30:42.563174Z","level":"INFO","fields":{"message":"request","method":"GET","route":"(site)","status":200,"ms":0},"target":"usnm_api::telemetry"}
{"timestamp":"2026-10-05T02:30:42.581029Z","level":"INFO","fields":{"message":"request","method":"GET","route":"(site)","status":200,"ms":0},"target":"usnm_api::telemetry"}
{"timestamp":"2026-10-05T02:30:42.582052Z","level":"INFO","fields":{"message":"request","method":"GET","route":"(site)","status":200,"ms":0},"target":"usnm_api::telemetry"}
{"timestamp":"2026-10-05T02:30:42.582044Z","level":"INFO","fields":{"message":"request","method":"GET","route":"(site)","status":200,"ms":0},"target":"usnm_api::telemetry"}
{"timestamp":"2026-10-05T02:30:42.582324Z","level":"INFO","fields":{"message":"request","method":"GET","route":"(site)","status":200,"ms":0},"target":"usnm_api::telemetry"}
{"timestamp":"2026-10-05T02:30:42.615190Z","level":"INFO","fields":{"message":"request","method":"GET","route":"(site)","status":200,"ms":3},"target":"usnm_api::telemetry"}
{"timestamp":"2026-10-05T02:30:42.615404Z","level":"INFO","fields":{"message":"request","method":"GET","route":"(site)","status":200,"ms":1},"target":"usnm_api::telemetry"}
{"timestamp":"2026-10-05T02:30:42.918369Z","level":"INFO","fields":{"message":"request","method":"GET","route":"/v1/status","status":200,"ms":1},"target":"usnm_api::telemetry"}
{"timestamp":"2026-10-05T02:30:42.918723Z","level":"INFO","fields":{"message":"request","method":"GET","route":"/v1/status","status":200,"ms":1},"target":"usnm_api::telemetry"}
{"timestamp":"2026-10-05T02:30:43.831046Z","level":"INFO","fields":{"message":"request","method":"GET","route":"/v1/status","status":200,"ms":0},"target":"usnm_api::telemetry"}
{"timestamp":"2026-10-05T02:30:43.851800Z","level":"INFO","fields":{"message":"request","method":"GET","route":"/v1/status","status":200,"ms":0},"target":"usnm_api::telemetry"}
{"timestamp":"2026-10-05T02:30:43.906643Z","level":"INFO","fields":{"message":"request","method":"GET","route":"/v1/status","status":200,"ms":0},"target":"usnm_api::telemetry"}
{"timestamp":"2026-10-05T02:30:43.916507Z","level":"INFO","fields":{"message":"request","method":"GET","route":"(site)","status":200,"ms":0},"target":"usnm_api::telemetry"}
{"timestamp":"2026-10-05T02:30:43.924528Z","level":"INFO","fields":{"message":"request","method":"GET","route":"(site)","status":200,"ms":0},"target":"usnm_api::telemetry"}
{"timestamp":"2026-10-05T02:30:43.924528Z","level":"INFO","fields":{"message":"request","method":"GET","route":"(site)","status":200,"ms":0},"target":"usnm_api::telemetry"}
{"timestamp":"2026-10-05T02:30:43.927627Z","level":"INFO","fields":{"message":"request","method":"GET","route":"/v1/status","status":200,"ms":0},"target":"usnm_api::telemetry"}
{"timestamp":"2026-10-05T02:30:43.935723Z","level":"INFO","fields":{"message":"request","method":"GET","route":"(site)","status":200,"ms":0},"target":"usnm_api::telemetry"}
{"timestamp":"2026-10-05T02:30:43.944304Z","level":"INFO","fields":{"message":"request","method":"GET","route":"(site)","status":200,"ms":0},"target":"usnm_api::telemetry"}
{"timestamp":"2026-10-05T02:30:43.944347Z","level":"INFO","fields":{"message":"request","method":"GET","route":"(site)","status":200,"ms":0},"target":"usnm_api::telemetry"}
{"timestamp":"2026-10-05T02:30:43.966196Z","level":"INFO","fields":{"message":"request","method":"GET","route":"(site)","status":200,"ms":0},"target":"usnm_api::telemetry"}
{"timestamp":"2026-10-05T02:30:43.986740Z","level":"INFO","fields":{"message":"request","method":"GET","route":"(site)","status":200,"ms":0},"target":"usnm_api::telemetry"}
{"timestamp":"2026-10-05T02:30:46.078751Z","level":"INFO","fields":{"message":"request","method":"GET","route":"(site)","status":200,"ms":0},"target":"usnm_api::telemetry"}
{"timestamp":"2026-10-05T02:30:46.078751Z","level":"INFO","fields":{"message":"request","method":"GET","route":"(site)","status":200,"ms":0},"target":"usnm_api::telemetry"}
{"timestamp":"2026-10-05T02:30:46.086643Z","level":"INFO","fields":{"message":"request","method":"GET","route":"(site)","status":200,"ms":0},"target":"usnm_api::telemetry"}
{"timestamp":"2026-10-05T02:30:46.086731Z","level":"INFO","fields":{"message":"request","method":"GET","route":"(site)","status":200,"ms":0},"target":"usnm_api::telemetry"}
{"timestamp":"2026-10-05T02:30:46.086845Z","level":"INFO","fields":{"message":"request","method":"GET","route":"(site)","status":200,"ms":0},"target":"usnm_api::telemetry"}
{"timestamp":"2026-10-05T02:30:46.086991Z","level":"INFO","fields":{"message":"request","method":"GET","route":"(site)","status":200,"ms":0},"target":"usnm_api::telemetry"}
{"timestamp":"2026-10-05T02:30:46.126252Z","level":"INFO","fields":{"message":"request","method":"GET","route":"(site)","status":200,"ms":0},"target":"usnm_api::telemetry"}
{"timestamp":"2026-10-05T02:30:46.126273Z","level":"INFO","fields":{"message":"request","method":"GET","route":"(site)","status":200,"ms":0},"target":"usnm_api::telemetry"}
{"timestamp":"2026-10-05T02:30:46.437733Z","level":"INFO","fields":{"message":"request","method":"GET","route":"/v1/status","status":200,"ms":1},"target":"usnm_api::telemetry"}
{"timestamp":"2026-10-05T02:30:46.439242Z","level":"INFO","fields":{"message":"request","method":"GET","route":"/v1/status","status":200,"ms":1},"target":"usnm_api::telemetry"}
{"timestamp":"2026-10-05T02:30:55.382479Z","level":"INFO","fields":{"message":"request","method":"GET","route":"/v1/status","status":200,"ms":0},"target":"usnm_api::telemetry"}
{"timestamp":"2026-10-05T02:30:55.392393Z","level":"INFO","fields":{"message":"request","method":"GET","route":"(site)","status":200,"ms":0},"target":"usnm_api::telemetry"}
{"timestamp":"2026-10-05T02:30:55.400354Z","level":"INFO","fields":{"message":"request","method":"GET","route":"(site)","status":200,"ms":0},"target":"usnm_api::telemetry"}
{"timestamp":"2026-10-05T02:30:55.400377Z","level":"INFO","fields":{"message":"request","method":"GET","route":"(site)","status":200,"ms":0},"target":"usnm_api::telemetry"}
{"timestamp":"2026-10-05T02:30:55.434607Z","level":"INFO","fields":{"message":"request","method":"GET","route":"(site)","status":200,"ms":0},"target":"usnm_api::telemetry"}
{"timestamp":"2026-10-05T02:31:09.861773Z","level":"INFO","fields":{"message":"request","method":"GET","route":"/v1/status","status":200,"ms":0},"target":"usnm_api::telemetry"}
{"timestamp":"2026-10-05T02:31:09.876383Z","level":"INFO","fields":{"message":"request","method":"GET","route":"(site)","status":200,"ms":0},"target":"usnm_api::telemetry"}
{"timestamp":"2026-10-05T02:31:09.887115Z","level":"INFO","fields":{"message":"request","method":"GET","route":"(site)","status":200,"ms":0},"target":"usnm_api::telemetry"}
{"timestamp":"2026-10-05T02:31:09.887161Z","level":"INFO","fields":{"message":"request","method":"GET","route":"(site)","status":200,"ms":0},"target":"usnm_api::telemetry"}
{"timestamp":"2026-10-05T02:31:09.939978Z","level":"INFO","fields":{"message":"request","method":"GET","route":"(site)","status":200,"ms":0},"target":"usnm_api::telemetry"}
{"timestamp":"2026-10-05T02:34:15.051624Z","level":"INFO","fields":{"message":"request","method":"GET","route":"(site)","status":200,"ms":4},"target":"usnm_api::telemetry"}
{"timestamp":"2026-10-05T02:34:15.051621Z","level":"INFO","fields":{"message":"request","method":"GET","route":"(site)","status":200,"ms":4},"target":"usnm_api::telemetry"}
{"timestamp":"2026-10-05T02:34:15.069256Z","level":"INFO","fields":{"message":"request","method":"GET","route":"(site)","status":200,"ms":0},"target":"usnm_api::telemetry"}
{"timestamp":"2026-10-05T02:34:15.069277Z","level":"INFO","fields":{"message":"request","method":"GET","route":"(site)","status":200,"ms":0},"target":"usnm_api::telemetry"}
{"timestamp":"2026-10-05T02:34:15.069911Z","level":"INFO","fields":{"message":"request","method":"GET","route":"(site)","status":200,"ms":0},"target":"usnm_api::telemetry"}
{"timestamp":"2026-10-05T02:34:15.069959Z","level":"INFO","fields":{"message":"request","method":"GET","route":"(site)","status":200,"ms":0},"target":"usnm_api::telemetry"}
{"timestamp":"2026-10-05T02:34:15.176089Z","level":"INFO","fields":{"message":"request","method":"GET","route":"/v1/meta","status":200,"ms":2},"target":"usnm_api::telemetry"}
{"timestamp":"2026-10-05T02:34:15.176115Z","level":"INFO","fields":{"message":"request","method":"GET","route":"/v1/meta","status":200,"ms":2},"target":"usnm_api::telemetry"}
{"timestamp":"2026-10-05T02:34:15.205061Z","level":"INFO","fields":{"message":"request","method":"GET","route":"/v1/places","status":200,"ms":1},"target":"usnm_api::telemetry"}
{"timestamp":"2026-10-05T02:34:15.205212Z","level":"INFO","fields":{"message":"request","method":"GET","route":"/v1/places","status":200,"ms":0},"target":"usnm_api::telemetry"}
{"timestamp":"2026-10-05T02:34:15.287820Z","level":"INFO","fields":{"message":"request","method":"GET","route":"(site)","status":200,"ms":0},"target":"usnm_api::telemetry"}
{"timestamp":"2026-10-05T02:34:15.287820Z","level":"INFO","fields":{"message":"request","method":"GET","route":"(site)","status":200,"ms":0},"target":"usnm_api::telemetry"}
{"timestamp":"2026-10-05T02:34:15.322829Z","level":"INFO","fields":{"message":"request","method":"GET","route":"(site)","status":200,"ms":0},"target":"usnm_api::telemetry"}
{"timestamp":"2026-10-05T02:34:15.327712Z","level":"INFO","fields":{"message":"request","method":"GET","route":"(site)","status":200,"ms":6},"target":"usnm_api::telemetry"}
{"timestamp":"2026-10-05T02:34:15.333593Z","level":"INFO","fields":{"message":"request","method":"GET","route":"(site)","status":200,"ms":0},"target":"usnm_api::telemetry"}
{"timestamp":"2026-10-05T02:34:15.334802Z","level":"INFO","fields":{"message":"request","method":"GET","route":"(site)","status":200,"ms":2},"target":"usnm_api::telemetry"}
{"timestamp":"2026-10-05T02:34:15.381863Z","level":"INFO","fields":{"message":"request","method":"GET","route":"(site)","status":200,"ms":0},"target":"usnm_api::telemetry"}
{"timestamp":"2026-10-05T02:34:15.387087Z","level":"INFO","fields":{"message":"request","method":"GET","route":"(site)","status":200,"ms":0},"target":"usnm_api::telemetry"}
{"timestamp":"2026-10-05T02:34:15.689359Z","level":"INFO","fields":{"message":"request","method":"GET","route":"/v1/status","status":200,"ms":0},"target":"usnm_api::telemetry"}
{"timestamp":"2026-10-05T02:34:15.689624Z","level":"INFO","fields":{"message":"request","method":"GET","route":"/v1/status","status":200,"ms":1},"target":"usnm_api::telemetry"}
{"timestamp":"2026-10-05T02:34:16.434323Z","level":"INFO","fields":{"message":"request","method":"GET","route":"/v1/status","status":200,"ms":0},"target":"usnm_api::telemetry"}
{"timestamp":"2026-10-05T02:34:16.499985Z","level":"INFO","fields":{"message":"request","method":"GET","route":"/v1/status","status":200,"ms":0},"target":"usnm_api::telemetry"}
{"timestamp":"2026-10-05T02:34:16.507977Z","level":"INFO","fields":{"message":"request","method":"GET","route":"(site)","status":200,"ms":0},"target":"usnm_api::telemetry"}
{"timestamp":"2026-10-05T02:34:16.516245Z","level":"INFO","fields":{"message":"request","method":"GET","route":"(site)","status":200,"ms":0},"target":"usnm_api::telemetry"}
{"timestamp":"2026-10-05T02:34:16.516276Z","level":"INFO","fields":{"message":"request","method":"GET","route":"(site)","status":200,"ms":0},"target":"usnm_api::telemetry"}
{"timestamp":"2026-10-05T02:34:16.561605Z","level":"INFO","fields":{"message":"request","method":"GET","route":"(site)","status":200,"ms":0},"target":"usnm_api::telemetry"}
{"timestamp":"2026-10-05T02:34:16.912871Z","level":"INFO","fields":{"message":"request","method":"GET","route":"/v1/status","status":200,"ms":0},"target":"usnm_api::telemetry"}
{"timestamp":"2026-10-05T02:34:16.969467Z","level":"INFO","fields":{"message":"request","method":"GET","route":"/v1/status","status":200,"ms":0},"target":"usnm_api::telemetry"}
{"timestamp":"2026-10-05T02:34:16.975678Z","level":"INFO","fields":{"message":"request","method":"GET","route":"(site)","status":200,"ms":0},"target":"usnm_api::telemetry"}
{"timestamp":"2026-10-05T02:34:16.981038Z","level":"INFO","fields":{"message":"request","method":"GET","route":"(site)","status":200,"ms":0},"target":"usnm_api::telemetry"}
{"timestamp":"2026-10-05T02:34:16.981085Z","level":"INFO","fields":{"message":"request","method":"GET","route":"(site)","status":200,"ms":0},"target":"usnm_api::telemetry"}
{"timestamp":"2026-10-05T02:34:17.021242Z","level":"INFO","fields":{"message":"request","method":"GET","route":"(site)","status":200,"ms":0},"target":"usnm_api::telemetry"}
{"timestamp":"2026-10-05T02:34:18.558907Z","level":"INFO","fields":{"message":"request","method":"GET","route":"(site)","status":200,"ms":0},"target":"usnm_api::telemetry"}
{"timestamp":"2026-10-05T02:34:18.564916Z","level":"INFO","fields":{"message":"request","method":"GET","route":"(site)","status":200,"ms":0},"target":"usnm_api::telemetry"}
{"timestamp":"2026-10-05T02:34:18.565254Z","level":"INFO","fields":{"message":"request","method":"GET","route":"(site)","status":200,"ms":0},"target":"usnm_api::telemetry"}
{"timestamp":"2026-10-05T02:34:18.611353Z","level":"INFO","fields":{"message":"request","method":"GET","route":"(site)","status":200,"ms":0},"target":"usnm_api::telemetry"}
{"timestamp":"2026-10-05T02:34:18.913345Z","level":"INFO","fields":{"message":"request","method":"GET","route":"/v1/status","status":200,"ms":0},"target":"usnm_api::telemetry"}
{"timestamp":"2026-10-05T02:34:19.007601Z","level":"INFO","fields":{"message":"request","method":"GET","route":"(site)","status":200,"ms":0},"target":"usnm_api::telemetry"}
{"timestamp":"2026-10-05T02:34:19.013161Z","level":"INFO","fields":{"message":"request","method":"GET","route":"(site)","status":200,"ms":0},"target":"usnm_api::telemetry"}
{"timestamp":"2026-10-05T02:34:19.013351Z","level":"INFO","fields":{"message":"request","method":"GET","route":"(site)","status":200,"ms":0},"target":"usnm_api::telemetry"}
{"timestamp":"2026-10-05T02:34:19.053027Z","level":"INFO","fields":{"message":"request","method":"GET","route":"(site)","status":200,"ms":0},"target":"usnm_api::telemetry"}
{"timestamp":"2026-10-05T02:34:19.367680Z","level":"INFO","fields":{"message":"request","method":"GET","route":"/v1/status","status":200,"ms":0},"target":"usnm_api::telemetry"}
{"timestamp":"2026-10-05T02:34:25.440656Z","level":"INFO","fields":{"message":"shutting down"},"target":"usnm_api"}
